0 : 0
1 : 1(0)3
2 : 7(1)2 9(1)3
3 : 4(7)2 5(7)3 6(9)2
4 : 2(4)3
5 : 3(2)4
6 : 8(3)3
total weight: 25
----
