0 : 0
1 : 2(0)8
total weight: 8
----
0 : 3
1 : 6(3)7 7(3)7 9(3)6
2 : 5(7)11
total weight: 31
----
