0 : 0
1 : 47(0)15
2 : 77(47)31
total weight: 46
----
0 : 1
1 : 73(1)24
total weight: 24
----
0 : 3
1 : 26(3)75 72(3)20
2 : 23(26)52 90(72)42
3 : 21(23)77
total weight: 266
----
0 : 8
1 : 45(8)70 79(8)6
total weight: 76
----
0 : 14
1 : 44(14)93 56(14)3 97(14)24
2 : 24(97)29 74(97)51 76(44)47 98(97)81 99(56)101
3 : 18(99)54 30(74)74 53(74)26 78(76)57 80(24)47 81(98)69 91(74)73
4 : 25(78)67 68(78)89
5 : 27(25)34
6 : 15(27)46
total weight: 1065
----
0 : 17
1 : 63(17)33
2 : 89(63)46
total weight: 79
----
0 : 33
1 : 70(33)35
total weight: 35
----
0 : 35
1 : 36(35)75
2 : 59(36)93
3 : 55(59)73
4 : 42(55)45
total weight: 286
----
0 : 49
1 : 60(49)28
total weight: 28
----
0 : 52
1 : 75(52)17
2 : 84(75)94
3 : 62(84)41
total weight: 152
----
