0 : 0
1 : 1(0)10 2(0)12
2 : 15(1)5
total weight: 27
----
0 : 4
1 : 19(4)3
2 : 14(19)20 18(19)25
3 : 20(18)14
total weight: 62
----
0 : 5
1 : 6(5)2 16(5)21
total weight: 23
----
0 : 9
1 : 17(9)18
total weight: 18
----
