0 : 0
1 : 1(0)1 3(0)3
2 : 2(1)2
3 : 4(2)1
total weight: 7
----
