0 : 0
1 : 23(0)2
2 : 77(23)1 96(23)1
3 : 49(77)1 59(96)1 64(77)1
4 : 10(49)1 14(49)1 19(59)1 22(59)2 24(64)1 38(49)1 41(49)1 52(59)1 61(49)1
5 : 2(10)1 8(19)3 11(10)2 37(38)1 43(10)2 48(38)2 62(14)1 84(61)1 86(14)1
6 : 13(37)1 36(86)1 47(2)2 82(37)1 85(2)1
7 : 4(82)1 12(82)1 25(13)1 42(85)1 89(47)1 97(36)1
8 : 1(97)1 28(12)2 30(25)1 31(89)1 50(97)1 54(4)1 60(89)1 70(42)1 75(12)2 76(4)1 95(42)1
9 : 7(31)1 16(54)1 27(30)1 29(1)1 34(30)2 53(30)2 63(1)2 79(1)1 94(70)1
10 : 3(16)1 6(7)1 21(16)1 45(27)1 46(7)1 68(27)1 69(16)2 81(7)1 87(16)1 90(16)1 91(7)1 92(7)2
11 : 9(68)1 18(91)1 32(92)1 33(90)1 39(90)1 40(87)1 72(68)1 73(6)2 74(68)1 83(87)1 93(46)2 98(87)1
12 : 15(39)1 17(33)2 26(33)1 44(40)1 57(98)1 58(74)1 67(98)1 78(98)1 80(33)1 99(9)1
13 : 5(99)1 20(44)1 51(78)1 55(15)1 66(15)4 71(17)2
14 : 35(5)1 65(5)1
15 : 56(65)1 88(35)1
total weight: 121
----
