0 : 0
1 : 1(0)8
2 : 13(1)6
3 : 14(13)4 17(13)5
4 : 4(17)4 6(17)5
5 : 12(4)3 18(6)2
6 : 11(18)3
7 : 5(11)5
8 : 2(5)3 8(5)4 9(5)3
9 : 3(8)4 10(2)4 16(2)3 19(8)2
10 : 7(16)5
11 : 15(7)3
total weight: 76
----
