0 : 0
1 : 49(0)2 70(0)2
2 : 17(49)1 27(49)1 66(49)1
3 : 51(27)1 72(17)1 75(27)1 95(27)1
4 : 42(51)1 50(95)1 59(51)1 87(72)1
5 : 10(59)1 25(50)1 32(42)1 79(42)1
6 : 1(79)2 15(79)1 30(25)1 31(32)1 33(32)1 36(10)4
7 : 16(31)1 55(15)1 58(1)2 62(31)1 63(15)1 80(31)1 83(33)2 89(15)1
8 : 11(63)1 23(62)1 37(55)1 53(16)1
9 : 20(53)1 69(11)1
10 : 5(20)1 9(69)1 21(69)1 34(20)2 90(20)1
11 : 7(34)1 14(90)1 38(5)1 46(5)1 77(9)1 86(5)1
12 : 2(46)1 13(14)1 18(7)1 35(46)1 48(14)2 54(38)1 56(7)2 57(46)1 60(38)1 91(38)1
13 : 4(57)1 6(35)1 12(35)1 26(54)1 43(56)1 67(57)2 78(13)3 84(2)1
14 : 29(84)1 45(6)1 52(26)1 71(12)1 73(4)2 76(12)1 81(12)1 94(12)1 97(26)1
15 : 3(94)1 19(45)1 64(71)1 65(97)1 82(97)1 96(73)1
16 : 22(3)2 40(3)1 41(19)1 68(3)1 74(3)1 88(19)1 92(19)1
17 : 24(40)1 44(74)1 47(22)3 61(88)1 85(41)1 93(41)2
18 : 8(24)2 98(24)1 99(24)1
19 : 28(98)1 39(98)2
total weight: 120
----
