0 : 0
1 : 26(0)5
2 : 37(26)6
3 : 14(37)23 17(37)24 20(37)16 27(37)23 30(37)7
4 : 3(20)11 8(20)19 15(17)14 31(30)15 32(14)12 36(17)21
5 : 5(15)3 7(15)14 16(36)26 21(8)2 38(31)14 39(32)15
6 : 1(5)40 2(38)2 4(7)27 13(38)7 18(5)7 35(38)30
7 : 10(1)26 11(35)27 29(13)11
8 : 34(29)30
total weight: 477
----
0 : 19
1 : 33(19)25
2 : 23(33)9 25(33)21
total weight: 55
----
