0 : 0
1 : 1(0)3
2 : 4(1)3 9(1)2
3 : 5(4)3 6(9)2
4 : 2(6)3 7(6)3 8(5)1
5 : 3(2)4
total weight: 24
----
