0 : 2
1 : 87(2)69
total weight: 69
----
0 : 5
1 : 37(5)75 81(5)46
2 : 31(37)57 47(81)11 49(37)100 50(81)30
3 : 26(50)41 67(31)51 95(50)81
4 : 6(26)69 90(26)19
5 : 39(6)73
6 : 52(39)8 80(39)16
7 : 92(80)35
total weight: 712
----
0 : 9
1 : 89(9)97
2 : 22(89)98 33(89)40 57(89)58
total weight: 293
----
0 : 10
1 : 41(10)19
total weight: 19
----
0 : 13
1 : 16(13)7
total weight: 7
----
0 : 14
1 : 32(14)26 79(14)80
total weight: 106
----
0 : 17
1 : 85(17)58 91(17)8
total weight: 66
----
0 : 18
1 : 75(18)58
2 : 51(75)20
total weight: 78
----
0 : 20
1 : 94(20)73
total weight: 73
----
0 : 23
1 : 98(23)21
2 : 45(98)42
total weight: 63
----
0 : 29
1 : 84(29)64
total weight: 64
----
0 : 38
1 : 40(38)90
total weight: 90
----
0 : 46
1 : 97(46)16
total weight: 16
----
0 : 53
1 : 73(53)70
total weight: 70
----
0 : 55
1 : 63(55)68
total weight: 68
----
0 : 56
1 : 74(56)15
total weight: 15
----
0 : 61
1 : 99(61)19
2 : 83(99)19
total weight: 38
----
0 : 78
1 : 96(78)54
total weight: 54
----
