0 : 1
1 : 32(1)44
total weight: 44
----
0 : 2
1 : 27(2)32
total weight: 32
----
0 : 4
1 : 40(4)21
total weight: 21
----
0 : 6
1 : 20(6)7
total weight: 7
----
0 : 13
1 : 35(13)16
total weight: 16
----
