0 : 0
1 : 3(0)7 7(0)6
2 : 5(7)2 8(7)2
3 : 14(8)3
4 : 2(14)3
5 : 6(2)6 10(2)2 17(2)10 18(2)3 19(2)2
6 : 9(19)2 11(19)3 12(19)2 13(18)2 15(18)3
7 : 4(13)2 16(9)2
8 : 1(4)3
total weight: 65
----
